>k141_23_length_514_cov_8.0000
GACGTGGACCTGTCGGGCTACAGCAACTCGTGGTATTCATACGGAGCGATCGCCGCCCGCGAGCTCGGCGCGGACCTGCGTATCATCGCGCAGGGTGGCG
CGCCGCTGCTCGACGGCATCGGCTGGTTCAACGCGCCCGACTACATCGGCATGGAGAGCATCTGGAACCGCGCGGCGTACAATCCCGCGCTCGGCGAGCC
GGTCATGTGGGATTTCCGCGAGTATGAGCCGCACGTCGTCGTCATCGCGCTCGGGCAGAACGATTCGCACCCCGAGGACTTCATGGCACGCGACTATACC
GGCGAGACCGCGGTGCATTGGCGCGCGCGGTATGCCGACTTCATCCGCGCGTTGCGTGCGCAATACCCCGACGCGCACATCGTATGCACCACGACGGTGC
TTGAGCATGACGCGAATTGGGACCGTGCGATCGACGAAGTGGTGGCGGAGTGCAACGACCCGCAGGTCACGCATTTCGCGTATTCACGTGCGGGCACTGG
CACGCCCGGGCACC
>k141_18_length_428_cov_3.0000
GTTCCGCGGCGTGCGCCTCGACGTGCGCCCGCGCGTGCATGTGCGCGACATCCCAGTCGGCGGTCGCCTGCATGTCGCGCACATGCACGCGCGGGCGCAC
GTCGAGGCGCACGCCGCGGAACAGTCCATGGAAGCGCCAGCAGTCCTGGTCTTCCAGCCAACTCGCGCTCGAGTACTGGAAGCACGCGACGGCGAGCGTA
TTGCCCTCCTCGCCCAGCGCGTCGGTCACGTCGAATTCGCTCGGTGTGTATGCATCCTCCGCATATCCGACGAATGCGCCATTGAGCCACACGTAGATTG
CGGTCGCCGCGCCGTCGAACGTCAGCGAGACGCGCTCGCCGGCGCGCAACGCCTGCCGCACGCGCGGATCGGCGTCGAACGTCCGGCGGTAGAGTGCCAC
GAGATTGCTGTTGGGCACATGTGGCGCC
>k141_14_length_405_cov_5.0000
ATCCTGGGCCGCGTGTCGGTTCACGATATCGTGGATCCCACCAACGGCGAGATCATCGTCGAGGCCGGCGAGGAGATCAACGACGCTGCCGCCGACCGCA
TCAACGCATCGCCCATCGAGTCAGTCGAGATCCGTTCGGTACTCACCTGCGAGTCCAAGAAGGGTGTGTGCGCCAAGTGCTACGGACGCGACCTCTCCAA
GAGCCGTCTAGTGCAGAAAGGCGAGGCTGTCGGCGTAATCGCCGCCCAGTCGATTGGCGAACCCGGTACACAGCTCACACTCCGTACGTTCCACGTCGGT
GGTGTTGCGTCGAACGTCGCAGCCATCAACAGCGTCAAGTCGCGTTACGACGGTCACCTCGAAATCGAGGAACTCCGTACCGTAACCACCGAGGAGGTCG
GCCCC
>k141_16_length_403_cov_8.0000
GCATTGCGGATCATCGTGGCGCGCCGTTCATAAATCAACGCGTTAGGCCCCGAGCTGTAACGGTCAATCGACCTGCCCGGCACCGCGCACACCTCGCGCC
CGTATGCCGATGCGATTGAGGCAGTCACCATCGCCCCGCCCTTGGCATCGCTTTCCACGATCACCACAACATCGCTCATTCCCGCCACGATACGGTTCCG
GGCAAGGAAATTCCCACGGTGAATCGCCGCATCCGCCGGATATTCAGTCACGATTGCCCCTCCCTGTCTCACTATGCGGGCCGCAATATCGCGGTGGTCG
GCCGGGTATAGCGTTTTAAGTCCGTGGGCAACCACTCCGACGGTCCGTACTCCGGCAGCCAACGCCGCCTTATGGGCCTGCACGTCAATTCCATACGCCA
GTC
>k141_6_length_402_cov_3.0000
ACCGAAAGCACCTTCCAATCGATGTCATGCGTGCCTTCAGCCGCCTCGCACGCGCGCACGAATCCGCGCCCGCGCGCGTCGATCGACGCTTCGAGCGACT
CCTCGGCGGCGGAGCATGTGTAGACGATCTTGTGGTGGCCCAGGTTGATCATGTGCTGTGCCGCGCGGAACATGCCCGCTTCGTCGTCGATGCTGATCGA
GGCGTCGAACGCGCTGCTCGACGGCGTGTTGATGCCGATGATCGGCACATGCGTGCGACGCAGCTGCTCGACCTCGTTCGGCTCGATCGCGAACGACGCC
ACGAACACCGCGTCCACATTGCGCAGCACCGGTAGATTCACGAAGAACGATTCGCGGTTCTTCGCGTCGTCGATGTGCTGGAAAAGCGAGATGTCGTACC
CC
>k141_7_length_401_cov_18.0000
GATTACGTGGTGAACTTCATCATGCAGAAATATGAGTACGGCGGATACACTAAACTAAGCGCGTCCAAAAAATTTGGCGTGAACAGCACTGACGCGTCCG
TCTATTCCAAATTCTCATACAAGGACATGACGTTTGACATCTATGCCGACGAATCGTACATGACCGACCGGCACTCGGGGACGGCATCGACCGAAAGGTT
TCTGTTTCCCGACTTATACGGACCCGGCGAAAAGTCCGTCACGAGGATTTCGACGCCCATCGCCTCGCGTTACCGCAACAACACGAACAATGTGACTTTC
CGCGCATCGTACGCGACCGAAAAGGCCCAGGTGTCCAACACCCTGGCGTTCAACAACACCGCCACTCCGCGCAACGACAGCCAAACCGCCGTCACATACA
C
>k141_24_length_397_cov_8.0000
ATCCATGGCCTTGGCCATCTGCTGAAGTACTTCCTGAGTATAGAATTTGTCGACCGACGATTTGACGGTGCCGTCCTCGCCGACGCGGGCATATACCATG
CCTTTCGCGCCAATCTGGGGACGCTTCACAAAGTCGGTGAGGGCGTCGAGCTGCTTGCGGGTATAGTGAGCCGCACCCTTCGCGCAGATGCCGCCGATGT
ATGCGGCGTTGTCAAACACGCTGAAACCATGGCCTTTCAGCACGTCCATGAGTTCGACGAACTTCATTCCGAAACGGATGTCGGGCTTGTCGGAACCGTA
ATATTTCATCGCGTCGGCCCAGGGCATGCGGATGAACGGTTCGGCGAGCTCGATGCCGCGTATTTCCTTAAAGAGGTGCTTGGCCATGCCCTCGAAA
>k141_9_length_380_cov_2.0000
GAGCGCGAGATGCTCAAGGCGGACGAGAACCGTGCGCTCACCGCGCAGGAGGAGAACCGCGTCGAGCAGGCGTGCGACGTGGCACAGGCGACCGAGTTCG
TGGAGAAGATGCGCGGTGCGTTCGATGCGGCGATCGCGCAGGGTGGCACGAACGTGTCGGGCGGCCAGCGGCAGCGCCTGTCGATCGCGCGCGCCGTCTA
CCGCAACCCGGAGATCCTCATCTTCGATGATTCGTTCTCCGCGATCGATTTCAGGACCGACCGCGTGGTGCGCGACGCGCTCAAGGAGTACGCGAAAGAC
GCGACGAAGATCATCGTCGCGCAGCGCGTCGGCACGATCATGGACGCGGACTGCATCCTCGTGCTCGACGACGGCCGGCT
>k141_13_length_377_cov_9.0000
CACCAGGACGTAATCGTCCTCATAGACGATGTCGATCGGGATATTTTCGGCGATGACTTCAAATTCATATCGCGGACGGTCCATGACCACCTGAACAACA
TCGCCGGGTTTTACGCGGTAGTTGCTCTTGACGGCTTTTCCGTTGACGATGATGCACCCTGCTTCGGCAGCCTGTTGCACCCGGTTGCGCGATGATTTCT
GCAGACGTTCGACGAGGAATTTGTCGACACGTAACAATGCCTGTCCAGGGTCGGCGACGAAACGGAAATGCTCGTAAAGCTCGCGTTCGTTGTCTCCGTC
GATTATTACCACCGGTTCGGGCGTGTCGAGTTCCTCGCCGGTATAGTTTTCGTCATCAATCATATATCGTCGTCGTC
>k141_2_length_376_cov_2.0000
TGTCAGCACCGCGCGCGAAGGCGTGGAGCGCCTCGGCCGCCTGCTCGAGGAAGTCGGCACGTACGAGTCGAACGGCATCATCATCAGCGACGTCAACGAA
ATCTGGTACGTCGAGACGATCGGCGGCCACCACTGGATGGCGCGCCGTGTGCCCGACGACTGTTACGCGGCGATTCCCAACCAGCTGGGCATCGACTCGC
TCGACCTGGACGACGCGTTCAGCGAGCGCCGCAACAACAGGTGCAGTGCCGACCTGCGCGAATTCATCGAAGGGAGCCAGCTCGACCGCGATATGACGAG
TTTCGAAGGCAGCCCCGCGCACTTCGACCCGCGCTCGGCGTTCGGCACGGCCACGCCGAAGGACGCGGTCTACAAC
>k141_3_length_368_cov_3.0000
GGTTCATCGTGCCATACCAGTGCGCGTCGGCGATCACTGCGATGATGCGGTTCGTCCAGTACAGCGAATCGGTTGACGCGTCCACGCCCGGCGTATCGCG
CAGGTACGCGGGCGTGTCCACGACGTTCGCATAGAACGGCGCCGGCGCGGTGAACGCGCCGCAGCCGTACGAAATCCACATGACCGACCGGTACGCCTGA
GTGGCGTACGGGCGGATCTGCATGCACACCATGTGCCCGGTGCGGTTGATGCCGATCGGGCGGTAGGCGTGGCGCGTCACCGCCGTGCCCGTGGTGCCGT
ACGGGTCGTACGGCGTGCCGTCGAAATGCGAGCCCATCAGGAACGCCACATCCTCGATGGTGATCTTG
>k141_17_length_363_cov_4.0000
TGCATGAGCCGCGCGCCGCATCGGGCGAGCTCCTGCGTGAGGCTCGTGACCTCGAACGCGCGGTGGCGTTCGGTCTCCTGGGCGAGCGCCTCGTTGCGCA
ACAGCGCCGGCACGCGCCTGCCGCTCGTGCCGTCCACGACGTGCGCGCGCGGCACTCCGTCGAGCGGTTGCGCGGCGAACGGATTGACCGTGCCCACATC
GATCACGACGAGCGGATGCGTGCGCGCAATGCGCCGGATGAGCGGCAGATGGTCGCGGGTGAGCGCCTGCTCGCAGCTCGCGATGACCACGAGCGCGTCA
CGGTCGCGCAGATGCACGGCGTAATCGAGCAGCGCGTCGAGATTGCGCGCGTGGTCCCATACG
>k141_5_length_360_cov_6.0000
CTACCAGGCCGAGCGACTCAAGCTCACGTGCCGCCCGCCACGCCAGATAGGCGACGTATACGCCGACGCCGACGAAGGACCCGCCGCCCTCCTCGGTCTC
CGCTTCCGCGACGATTCGAGCGGCCAGCTTTGGATATGGTCACACCCCGACCCAGCATCACCCGACGACGCCGAACTCATCACCGACCGATACCTCACCG
TCGTTGACGTCGGCGGACGCTCCGACAAGGCCGACTGGTCCGTAATCGTAGTCTTCGACCGCCTGTTCATGATCGACGGCGGCAAGCCCTCGGTCGTCGC
GCAATGGTACGGACACATCGACATCGACCTCCTCGCCTGGAAGGCCGCCCAGATTGCCGC
>k141_15_length_358_cov_4.8341
CCGCGCGCGAGGGCGTCGAGCGGCTCGGCGCGCTGCTCGAGGAATACGGTACATACGAGTCGAACGGCGTCGCGTTCAGTGACGCGAACGAGATCTGGTG
GTTCGAATCGGTCGGCGGCCACCACTGGATCGCCAAGCGCGTGCCCGACGACTGTTATGTGACGATGCCCAACCAGCTCGGCATCGACGAGTTCGACCTC
GACGACGCGTTCGGCGCACAGCAGGACTGCATGTGCTCCGCCGACCTGCGCGAATTCATCGCGCGCAACCACCTTGACCTGTCGGTGGAGGGGCTTTCGG
CGTTCGATCCACGCTCGGCGTTCGGCTCGCATTCCGACGCCGACCATGTGTACAACAC
>k141_4_length_344_cov_9.0000
CCACATGGGTGTTGAGCCTGTGGGCTATCTTGCGCTCGATACCATCGAAAGCTCCGCCGCATATGAAGAGTATGTTCTTCGTGTCGACGGCTATCATCTT
CTGCTCGGGGTGCTTACGTCCGCCGTTCGGCGGCACGTTGACCACCGAGCCTTCGAGGAGCTTGAGCAGGCCCTGCTGCACACCTTCGCCCGATACGTCG
CGGGTGATGGATGGGTTGTCACCCTTGCGGGCTATCTTGTCGATCTCGTCGATGAACACTATGCCGCGCTCGGCTTTTTCCACATCGTAGTCGGCGGCCT
GGAGCAGACGTACCAAAAGGCTCTCTATATCTTCGCCCACATAT
>k141_1_length_326_cov_5.0000
CGGCAATAGCCTCCATGACCGCGGCCACAGGTGGGAACAGTCCGTCGGAATAGGTGGGCGCGGCAATCACGAGGCCGCGGTGACGGAAAATATCGGCGAT
GATATAGCTGAGGTCGGTGTTCGAGGCGTTGAGCACCGATATGTCGCGCACTCCGGCGGCGGCCAGCCCGTCGGCAGCGGCCTCGGCCATCTGCTCGGTG
TTGCCGTACATCGAGCCATAAACAATCGTAACGCCGTCGTCAAGGGGTTCGTAGCGGCTCAGGCGGTCGTATATGTCAATGACCTCGGCGGTTTTCTCAC
GCCATACGGGGCCATGGGTGGGGCAT
>k141_21_length_322_cov_4.0000
GGGCGGGAACCGGCTCGGACTTGTGTTCGGGCTCTGGCTCGCGCTCAGGCGCGACATCGGGTGTGGCCGGTGACGGCTCCACGCTCTCCACATCGGGTGA
CGAAACCGCGTCAGGAGCTGGAGCGTACATCTCTTCGGACGGAGGATACTCATCGGGCGGGAGTACGGACTCGTGGGTGGCACGGATGGTCTCCTCGCCT
GTGAAGCGGAAGTAGTCGTCGAACGATCCGCCCCCCTGAAGGAGCTTGTCGAAGTTATCGCGCGAGATCTCCACAGGGCGCACCGCCTCGGGCATCGTGA
AGGTGCCGTCGCGGGCCAGAAG
>k141_19_length_317_cov_3.0000
GTATAAAGCCGCGCAGTCCGAGCACAATGCCGGTCAGTACGGCAAAGCGAAACGCGATTACTACAAAGCCGCGGAATACATGACACAGCTCGCATCGCTT
AGCGGCGACCGCCTTAAAGCGGCGCGGGTCGACCGCGCGAAACGCATCCTCGCGATAGCCGATTCGCTCCCGCAATCCGAGCGTCCCAAACAGCCCAAAC
CCAAGCGCACCGCGCCGAGCGATAAACCCTCCGACGCGGAAACGGCTTTCGCCGCGGCGGCAATACCCGACGTAACGTTCGCCGACGTCATGGGCCTCGA
CGCCGCCAAGGACGCCA
>k141_20_length_315_cov_7.0000
ATCCTCGGCCACAAGGGCATCGAGCAGGCGTACCGCACGGGCCGTGGCCTCATCACGATGCGCGCGGTCGTCAATACTGAAGAGATCAAGGGGCGCATGT
GCCTCGTCGTCACGGAACTGCCGTACCAGGTGAATCCGGACCGCCTCGTCGTCTCGATCCGCGAGGCTGTGCGCGACGGCAAGATCCAGGGCATCGCCGA
CATGCGCGACGAGACGTCGGGCCGCACCGGCCAGCGCCTCGTGCTCGTGCTGAAGCGCGACGCCGTGCCGAAGGTCGTGCTCAACAACCTGTACAAGCAT
TCGCAACTGCAGCAG
>k141_0_length_315_cov_3.0000
ACGAGCGCGGAATAGCCGCCGATCAGGTCGACGCCCACGGTCTTCGCGGCGCGGTCGAGCGCGTGCGCGATCTTGACGAAGTCGCCGCTTGTCTTGCAGC
AGCTGGCGCCGACGAGCGCGATCGGCGTGACGGTGATGCGCTTGTTGACGATCGGGATGCCGAAGTCGCGTTCGATCGATTCGCCGGTGGACACGAGGTC
CTTGGCGTAATGTGTGATCTTCGCGTAGATCGCCTCGCACGTCTCGTCCACGTCGGCACGCGCGCAATCCATGAGGTTGATGCCCATCGTGATTGTGCGC
ACGTCGAGCTTCTCC
>k141_25_length_312_cov_3.0000
TCCAGCACAAGATCGGCGCCGACATCATGTTCGCGTTCGACGAGCTGACGACGCTCATGAACACGCGCCGCTATCAGGAGAATTCCGTCGAGCGCACATT
CCGCTGGGCGCGCCGGTGTGTGGACGAGCACAAACGCCTCACCGAATCGCGCGTGGGCAAGCCGTACCAGGCGCTCTACGGCGTGGTGCAGGGCGCGAAT
TACGAGGACCTGCGCCGGCGCGCGGCCCAGCAGATCGCGTCGCTCGACTTCGATGGCGTCGGTATTGGCGGCGCGATGGAAAAGCGCATCATCGGCGACA
TCTGCGCGTGGA
>k141_12_length_311_cov_3.0000
TAGTTGCACGGCGCACCGCTGTCGCCGACTGTGCGGAACGACGCGAACTGCAACCAATCGTATATCGCATGGACCTTTCGACGATCGTCATAGTCCCTGC
CTATTATGTTTATAAGGGCGTTGCGCGCTCGCGCATACGCCGTCCGCGCCGCGCCGACCGGCTCGGGCTTATACCCGCGCATAACGGCAAGCAACAGCTT
TTCCGTATTGTCGACCTCGACGGCGCGCGGTAAACGTTCGGCCGAAAGAACATACGATTCGCCGCGGAGCTTTGCGCCGTCGTATTCGATATGCGGAAGC
TCCGCGTACAT
>k141_10_length_310_cov_7.0000
GGCCCACGTTGAGCAGCAGGTTGCCGTTGTTGCTCACGGCGTCGACCAGCGCCACCACGAGCTCGGGCAGTGTCTTGTAGTCAAGCGAATCGGTGTAGCA
CCAGGAATTGCGCGCGATCGCGGTGTCGGTCTGCCACACGAACGGCGTGGGGTCGGCGAACCCGCCGCGCTCCACGTCCACGATGCCTGCGCCCCAGGCG
AGCGCGTCGTACTTGTAGCAGATCGCGGCTTGTGCGCCGCGTTCGGCGGCGCGGTTGTAGTAGTAGGCGGCGAGCGTCTTGAGGTACGGAGCGAACGCGC
GGTGCTGGAT
>k141_22_length_303_cov_2.0000
GACGTGGCGGACGACCCGTTCGAGCCGACGGTCGAGCTCGGCGAGCGTTGCGCGTCGCCATACGACTGCCCGTACATCGGGTATTGCGAGCGCGACCTGC
CCGAACCCAACGTGTTCGATATTTACCGCATGGGCAGGAAGAAAGCCGCCGAGCTGTATTACAACGAGGGCATAGCGTCGTTCGACGACGTTCTGCGTCG
CGGCGTGAAGCTGTCGAAGATGCAAAAGCGTCAGGTGGAGAGCGCGGCGAACGGACTTCCGACCTACGTCGACAGGGCGGGCGTAAACAAGTTTTTGGCG
GAG
>k141_8_length_303_cov_5.0000
GGCGGGCGTGATCACCGCCGCCGACGCCGCCGACTACCGCGACGACCTCGAGCTCGCCGGCCGCATCGAATTCCGCGATGTGAGCTTCACCTACCCCGAT
TCGCGCGAGGCGATGCTCGAAGGCATCAGTTTCACGGCGGACCAAGGCGACACCGTGGCGATCATCGGGTCGACCGGTTCGGGCAAATCGTCACTGATCA
ATCTTGTGCCGCGCTTCTACGACGCGAGCGCCGGCGCCGTGCTCGTCGACGGTGTGGACGTGCGCGACTGCGACCTCAAGGCCCTGCGCGACAAGATCGG
CTA
>k141_11_length_301_cov_5.0000
CCGTGGAACGGCGCGCCGCGGTAGGCGAGTTCGAGGAAATAGCGCATCAGTCGCGTTCGAGATATGTGTAGCCGAACAGGCCGGCGCGGTAGGTCGATAC
GAAGTCGCGTCCTTCTTCGGGCGATATTGTGCCGGCCTTCATTGAGGCGGTGACCCATGCCTCGACGTTGCGGACGAGCTTCTTGGGGTTGAACTGCACG
TATTCGAGCACCTCGTCGACGCTTTCGCCCTCGATGATCTGGTCGATTTCGTAGCGGTCCTTGTAGACGCTGATGTGGACGGCGTTGGTGTCGCCGAACA
G
>k141_27_length_237_cov_3.0312
ATCAGCGAGTCCGAGCGCATCGGCTTCGGCCACACCAAGGGCCAGCGCATCAGCGAGCCCGAGCGCATCGGCTTCAGCCACACCAAGGGCCAGCGCATCA
GCGAGTCCGAGCGCATCGGCTTCGGCCACACCAAGGGCCAGCGCATCAGCGAGCCCGAGCGCATCGGCTTCAGCCACACCAAGGGCCAGCGCATCAGCGA
GTCCGAGCGCATCGGCTTCGGCCACACCAAGGGCCAG
>k141_28_length_213_cov_2.0278
AAGCGCTTTCGTAAGACCCGTCGCTTTTCTTCTCCGCATCGTCGCTGCGCGAGTCGAACGGCGTTCCGCCGTAAGCGCTTTCGTAAGACCCGTCGCTTTT
CTTCTCCGCATCGTCGCTGCGCGAGTCGAACGGCGTTCCGCCGTAAGCGCTTTCGTAAGACCCGTCGCTTTTCTTCTCCGCATCGTCGCTGCGCGAGTCG
AACGGCGTTCCGC
>k141_26_length_213_cov_3.0417
GCTTTTAAAGGCACAAGTCCGCGACCGAGATGTAAGATGCAAAGCATCTGAAATCGAGGTACGCATGACTTTGCTTTTAAAGGCACAAGTCCGCGACCGA
GATGTAAGATGCAAAGCATCTGAAATCGAGGTACGCATGACTTTGCTTTTAAAGGCACAAGTCCGCGACCGAGATGTAAGATGCAAAGCATCTGAAATCG
AGGTACGCATGAC
